// Jest Snapshot v1, https://goo.gl/fbAQLP

exports[`Lake Front! Custom Built! Carriage House! Gated Community! 1`] = `
Array [
  Object {
    "gender": "female",
    "howManyOthersCanShareBed": Object {
      "king": 2,
      "queen": 1,
      "twin": 0,
    },
    "name": "Sarah Branaghan",
  },
  Object {
    "gender": "male",
    "howManyOthersCanShareBed": Object {
      "king": 2,
      "queen": 1,
      "twin": 0,
    },
    "name": "Daniel Branaghan",
  },
  undefined,
  undefined,
  undefined,
  Object {
    "gender": "female",
    "howManyOthersCanShareBed": Object {
      "king": 2,
      "queen": 1,
      "twin": 0,
    },
    "name": "Carrie Marchese",
  },
  Object {
    "gender": "male",
    "howManyOthersCanShareBed": Object {
      "king": 2,
      "queen": 1,
      "twin": 0,
    },
    "name": "Danny Marchese",
  },
  Object {
    "gender": "female",
    "howManyOthersCanShareBed": Object {
      "king": 2,
      "queen": 2,
      "twin": 1,
    },
    "name": "Hope",
  },
  undefined,
  Object {
    "gender": "female",
    "howManyOthersCanShareBed": Object {
      "king": 2,
      "queen": 1,
      "twin": 0,
    },
    "name": "Christa Brickey",
  },
  Object {
    "gender": "female",
    "howManyOthersCanShareBed": Object {
      "king": 2,
      "queen": 1,
      "twin": 0,
    },
    "name": "Andrea Davis",
  },
  Object {
    "gender": "female",
    "howManyOthersCanShareBed": Object {
      "king": 2,
      "queen": 1,
      "twin": 0,
    },
    "name": "Kaila",
  },
  Object {
    "gender": "female",
    "howManyOthersCanShareBed": Object {
      "king": 2,
      "queen": 1,
      "twin": 0,
    },
    "name": "Serena",
  },
  Object {
    "gender": "female",
    "howManyOthersCanShareBed": Object {
      "king": 2,
      "queen": 1,
      "twin": 0,
    },
    "name": "Sam Knight",
  },
  Object {
    "gender": "male",
    "howManyOthersCanShareBed": Object {
      "king": 2,
      "queen": 1,
      "twin": 0,
    },
    "name": "Alec Brickey",
  },
  Object {
    "gender": "male",
    "howManyOthersCanShareBed": Object {
      "king": 2,
      "queen": 1,
      "twin": 0,
    },
    "name": "Travis Davis",
  },
  Object {
    "gender": "male",
    "howManyOthersCanShareBed": Object {
      "king": 2,
      "queen": 1,
      "twin": 0,
    },
    "name": "Sicquan",
  },
  Object {
    "gender": "male",
    "howManyOthersCanShareBed": Object {
      "king": 2,
      "queen": 1,
      "twin": 0,
    },
    "name": "Sam DeVine",
  },
  Object {
    "gender": "female",
    "howManyOthersCanShareBed": Object {
      "king": 2,
      "queen": 1,
      "twin": 0,
    },
    "name": "Sam Donermeyer",
  },
  Object {
    "gender": "female",
    "howManyOthersCanShareBed": Object {
      "king": 2,
      "queen": 1,
      "twin": 0,
    },
    "name": "Pearl",
  },
  Object {
    "gender": "female",
    "howManyOthersCanShareBed": Object {
      "king": 2,
      "queen": 1,
      "twin": 0,
    },
    "name": "Molly",
  },
  Object {
    "gender": "female",
    "howManyOthersCanShareBed": Object {
      "king": 2,
      "queen": 1,
      "twin": 0,
    },
    "name": "Mara",
  },
  Object {
    "gender": "female",
    "howManyOthersCanShareBed": Object {
      "king": 2,
      "queen": 1,
      "twin": 0,
    },
    "name": "Caroline",
  },
  Object {
    "gender": "female",
    "howManyOthersCanShareBed": Object {
      "king": 2,
      "queen": 1,
      "twin": 0,
    },
    "name": "Bethany",
  },
  undefined,
  Object {
    "gender": "male",
    "howManyOthersCanShareBed": Object {
      "king": 2,
      "queen": 1,
      "twin": 0,
    },
    "name": "Kwinton",
  },
  Object {
    "gender": "male",
    "howManyOthersCanShareBed": Object {
      "king": 2,
      "queen": 1,
      "twin": 0,
    },
    "name": "Isaac",
  },
  Object {
    "gender": "male",
    "howManyOthersCanShareBed": Object {
      "king": 2,
      "queen": 1,
      "twin": 0,
    },
    "name": "Deon",
  },
  Object {
    "gender": "male",
    "howManyOthersCanShareBed": Object {
      "king": 2,
      "queen": 1,
      "twin": 0,
    },
    "name": "Larry",
  },
  Object {
    "gender": "male",
    "howManyOthersCanShareBed": Object {
      "king": 2,
      "queen": 1,
      "twin": 0,
    },
    "name": "Noodle",
  },
  undefined,
]
`;
